1 1190
2 11284
3 15789
4 15119
5 11745
6 8643
7 6285
8 4252
9 2793
10 1564
11 804
12 384
13 170
14 83
15 27
16 15
17 4
18 8
19 1
20 3
