1 0
2 252
3 204
4 153
5 1
6 47
7 3
8 51
9 0
10 102
11 0
12 0
13 0
14 0
15 0
16 0
17 0
18 0
19 0
20 0
